{"logTime": "1210/205628", "correlationVector":"DSqyC7LBvHG+eEi3hBpEPb.1","action":"SyncServerConnectionManagerRequest", "result":"SYNC_SERVER_OK", "context":{"environment":"Prod_eastus2_prod-s01-050-nam-eastus2", "migrationStage":"NotStarted", "server":"akswtt10800001g"}}
{"logTime": "1210/205628", "correlationVector":"DSqyC7LBvHG+eEi3hBpEPb.2","action":"ProcessGetUpdates", "result":"Done", "context":{"dataType":"Encryption Keys", "deleted":"0", "process_failed_to_decrypt":"0", "process_pending_decryption":"0", "process_success":"1", "total":"1"}}
{"logTime": "1210/205629", "correlationVector":"z1Z6rU5F2lxf0ctOdKZAxq","action":"SyncServerConnectionManagerRequest", "result":"SYNC_SERVER_OK", "context":{"environment":"", "migrationStage":"", "server":""}}
{"logTime": "1210/205629", "correlationVector":"z1Z6rU5F2lxf0ctOdKZAxq.0","action":"EncryptionKeysFetcher.DownloadKeys:", "result":"Success", "context":Key count: 1, Last key timestamp: 2025-08-28T16:54:57Z}
{"logTime": "1210/205629", "correlationVector":"z1Z6rU5F2lxf0ctOdKZAxq.1","action":"EncryptionKeysManager::SetEncryptionKeys:", "result":"Success", "context":Key names[1]:[DtmZWpmHPA7um3Il/BomcIvNJIzr+jG9NQ5g8z0Ma/8wyZq2lvAyqc/uTp1PDacrL9d9GOBzaFL/O4QoHCzYJQ==]}
{"logTime": "1210/205629", "correlationVector":"z1Z6rU5F2lxf0ctOdKZAxq.2","action":"EncryptionKeysManager::SetEncryptionKeysWithTimestamps:", "result":"Success", "context":Key timestamps[1]:[2025-08-28T16:54:57Z]}
{"logTime": "1210/205629", "correlationVector":"DSqyC7LBvHG+eEi3hBpEPb","action":"Initial GetUpdates", "result":"", "context":Reason: NEW_CLIENT. cV=DSqyC7LBvHG+eEi3hBpEPb}
{"logTime": "1210/205629", "correlationVector":"DSqyC7LBvHG+eEi3hBpEPb.3","action":"GetUpdates Response", "result":"Success", "context":Received 1 update(s). cV=DSqyC7LBvHG+eEi3hBpEPb.0;server=akswtt10800001g;cloudType=Consumer;environment=Prod_eastus2_prod-s01-050-nam-eastus2;migrationStage=NotStarted}
{"logTime": "1210/205629", "correlationVector":"aQlmJ9B/dqVfkrsB6ZZYuy","action":"Initial GetUpdates", "result":"", "context":Reason: NEWLY_SUPPORTED_DATATYPE. cV=aQlmJ9B/dqVfkrsB6ZZYuy}
{"logTime": "1210/205630", "correlationVector":"aQlmJ9B/dqVfkrsB6ZZYuy.1","action":"SyncServerConnectionManagerRequest", "result":"SYNC_SERVER_OK", "context":{"environment":"Prod_eastus2_prod-s01-050-nam-eastus2", "migrationStage":"NotStarted", "server":"akswtt108000001"}}
{"logTime": "1210/205630", "correlationVector":"aQlmJ9B/dqVfkrsB6ZZYuy.2","action":"ProcessGetUpdates", "result":"Done", "context":{"dataType":"Preferences", "deleted":"1", "process_failed_to_decrypt":"0", "process_pending_decryption":"0", "process_success":"93", "total":"93"}}
{"logTime": "1210/205630", "correlationVector":"aQlmJ9B/dqVfkrsB6ZZYuy.3","action":"ProcessGetUpdates", "result":"Done", "context":{"dataType":"Passwords", "deleted":"1", "process_failed_to_decrypt":"0", "process_pending_decryption":"0", "process_success":"15", "total":"15"}}
{"logTime": "1210/205630", "correlationVector":"aQlmJ9B/dqVfkrsB6ZZYuy.4","action":"ProcessGetUpdates", "result":"Done", "context":{"dataType":"Device Info", "deleted":"0", "process_failed_to_decrypt":"0", "process_pending_decryption":"0", "process_success":"80", "total":"80"}}
{"logTime": "1210/205630", "correlationVector":"aQlmJ9B/dqVfkrsB6ZZYuy.5","action":"GetUpdates Response", "result":"Success", "context":Received 188 update(s). cV=aQlmJ9B/dqVfkrsB6ZZYuy.0;server=akswtt108000001;cloudType=Consumer;environment=Prod_eastus2_prod-s01-050-nam-eastus2;migrationStage=NotStarted}
{"logTime": "1210/205630", "correlationVector":"ioZAkcX2psFzQI/DTInA/H","action":"Initial GetUpdates", "result":"", "context":Reason: NEWLY_SUPPORTED_DATATYPE. cV=ioZAkcX2psFzQI/DTInA/H}
{"logTime": "1210/205630", "correlationVector":"ioZAkcX2psFzQI/DTInA/H.1","action":"SyncServerConnectionManagerRequest", "result":"SYNC_SERVER_OK", "context":{"environment":"Prod_eastus2_prod-s01-050-nam-eastus2", "migrationStage":"NotStarted", "server":"akswtt10800000d"}}
{"logTime": "1210/205630", "correlationVector":"ioZAkcX2psFzQI/DTInA/H.2","action":"ProcessGetUpdates", "result":"Done", "context":{"dataType":"Bookmarks", "deleted":"7", "process_failed_to_decrypt":"0", "process_pending_decryption":"0", "process_success":"17", "total":"17"}}
{"logTime": "1210/205630", "correlationVector":"ioZAkcX2psFzQI/DTInA/H.3","action":"GetUpdates Response", "result":"Success", "context":Received 17 update(s). cV=ioZAkcX2psFzQI/DTInA/H.0;server=akswtt10800000d;cloudType=Consumer;environment=Prod_eastus2_prod-s01-050-nam-eastus2;migrationStage=NotStarted}
{"logTime": "1210/205630", "correlationVector":"yXBhv24z0mJF6Us1Sf4hPI","action":"Initial GetUpdates", "result":"", "context":Reason: NEWLY_SUPPORTED_DATATYPE. cV=yXBhv24z0mJF6Us1Sf4hPI}
{"logTime": "1210/205631", "correlationVector":"yXBhv24z0mJF6Us1Sf4hPI.1","action":"SyncServerConnectionManagerRequest", "result":"SYNC_SERVER_OK", "context":{"environment":"Prod_eastus2_prod-s01-050-nam-eastus2", "migrationStage":"NotStarted", "server":"akswtt10800000a"}}
{"logTime": "1210/205631", "correlationVector":"yXBhv24z0mJF6Us1Sf4hPI.2","action":"ProcessGetUpdates", "result":"Done", "context":{"dataType":"Autofill Profiles", "deleted":"0", "process_failed_to_decrypt":"0", "process_pending_decryption":"0", "process_success":"44", "total":"44"}}
{"logTime": "1210/205631", "correlationVector":"yXBhv24z0mJF6Us1Sf4hPI.3","action":"ProcessGetUpdates", "result":"Done", "context":{"dataType":"Autofill", "deleted":"0", "process_failed_to_decrypt":"0", "process_pending_decryption":"0", "process_success":"206", "total":"206"}}
{"logTime": "1210/205631", "correlationVector":"yXBhv24z0mJF6Us1Sf4hPI.4","action":"GetUpdates Response", "result":"Success", "context":Received 250 update(s). cV=yXBhv24z0mJF6Us1Sf4hPI.0;server=akswtt10800000a;cloudType=Consumer;environment=Prod_eastus2_prod-s01-050-nam-eastus2;migrationStage=NotStarted Some updates remain.}
{"logTime": "1210/205631", "correlationVector":"H2qSPuvOHSPt7nDgR8X2KZ","action":"Initial GetUpdates", "result":"", "context":Reason: NEWLY_SUPPORTED_DATATYPE. cV=H2qSPuvOHSPt7nDgR8X2KZ}
{"logTime": "1210/205631", "correlationVector":"H2qSPuvOHSPt7nDgR8X2KZ.1","action":"SyncServerConnectionManagerRequest", "result":"SYNC_SERVER_OK", "context":{"environment":"Prod_eastus2_prod-s01-050-nam-eastus2", "migrationStage":"NotStarted", "server":"akswtt108000010"}}
{"logTime": "1210/205631", "correlationVector":"H2qSPuvOHSPt7nDgR8X2KZ.2","action":"ProcessGetUpdates", "result":"Done", "context":{"dataType":"Autofill", "deleted":"0", "process_failed_to_decrypt":"0", "process_pending_decryption":"0", "process_success":"250", "total":"250"}}
{"logTime": "1210/205631", "correlationVector":"H2qSPuvOHSPt7nDgR8X2KZ.3","action":"GetUpdates Response", "result":"Success", "context":Received 250 update(s). cV=H2qSPuvOHSPt7nDgR8X2KZ.0;server=akswtt108000010;cloudType=Consumer;environment=Prod_eastus2_prod-s01-050-nam-eastus2;migrationStage=NotStarted Some updates remain.}
{"logTime": "1210/205631", "correlationVector":"h/3RcNTCQ/StOYG31KN1b/","action":"Initial GetUpdates", "result":"", "context":Reason: NEWLY_SUPPORTED_DATATYPE. cV=h/3RcNTCQ/StOYG31KN1b/}
{"logTime": "1210/205632", "correlationVector":"h/3RcNTCQ/StOYG31KN1b/.1","action":"SyncServerConnectionManagerRequest", "result":"SYNC_SERVER_OK", "context":{"environment":"Prod_eastus2_prod-s01-050-nam-eastus2", "migrationStage":"NotStarted", "server":"akswtt10800000c"}}
{"logTime": "1210/205632", "correlationVector":"h/3RcNTCQ/StOYG31KN1b/.2","action":"ProcessGetUpdates", "result":"Done", "context":{"dataType":"Autofill", "deleted":"0", "process_failed_to_decrypt":"0", "process_pending_decryption":"0", "process_success":"250", "total":"250"}}
{"logTime": "1210/205632", "correlationVector":"h/3RcNTCQ/StOYG31KN1b/.3","action":"GetUpdates Response", "result":"Success", "context":Received 250 update(s). cV=h/3RcNTCQ/StOYG31KN1b/.0;server=akswtt10800000c;cloudType=Consumer;environment=Prod_eastus2_prod-s01-050-nam-eastus2;migrationStage=NotStarted Some updates remain.}
{"logTime": "1210/205632", "correlationVector":"mNUx51C03PRpbDnRxqQLhi","action":"Initial GetUpdates", "result":"", "context":Reason: NEWLY_SUPPORTED_DATATYPE. cV=mNUx51C03PRpbDnRxqQLhi}
{"logTime": "1210/205632", "correlationVector":"mNUx51C03PRpbDnRxqQLhi.1","action":"SyncServerConnectionManagerRequest", "result":"SYNC_SERVER_OK", "context":{"environment":"Prod_eastus2_prod-s01-050-nam-eastus2", "migrationStage":"NotStarted", "server":"akswtt108000001"}}
{"logTime": "1210/205632", "correlationVector":"mNUx51C03PRpbDnRxqQLhi.2","action":"ProcessGetUpdates", "result":"Done", "context":{"dataType":"Autofill", "deleted":"0", "process_failed_to_decrypt":"0", "process_pending_decryption":"0", "process_success":"97", "total":"97"}}
{"logTime": "1210/205632", "correlationVector":"mNUx51C03PRpbDnRxqQLhi.3","action":"ProcessGetUpdates", "result":"Done", "context":{"dataType":"Sessions", "deleted":"145", "process_failed_to_decrypt":"0", "process_pending_decryption":"0", "process_success":"145", "total":"145"}}
{"logTime": "1210/205632", "correlationVector":"mNUx51C03PRpbDnRxqQLhi.4","action":"ProcessGetUpdates", "result":"Done", "context":{"dataType":"Saved Tab Group", "deleted":"3", "process_failed_to_decrypt":"0", "process_pending_decryption":"0", "process_success":"3", "total":"3"}}
{"logTime": "1210/205632", "correlationVector":"mNUx51C03PRpbDnRxqQLhi.5","action":"ProcessGetUpdates", "result":"Done", "context":{"dataType":"Edge Hub App Usage", "deleted":"0", "process_failed_to_decrypt":"0", "process_pending_decryption":"0", "process_success":"5", "total":"5"}}
{"logTime": "1210/205632", "correlationVector":"mNUx51C03PRpbDnRxqQLhi.6","action":"GetUpdates Response", "result":"Success", "context":Received 250 update(s). cV=mNUx51C03PRpbDnRxqQLhi.0;server=akswtt108000001;cloudType=Consumer;environment=Prod_eastus2_prod-s01-050-nam-eastus2;migrationStage=NotStarted Some updates remain.}
{"logTime": "1210/205632", "correlationVector":"mx9W8Pba2CM2TB+oOLXeTd","action":"Initial GetUpdates", "result":"", "context":Reason: NEWLY_SUPPORTED_DATATYPE. cV=mx9W8Pba2CM2TB+oOLXeTd}
{"logTime": "1210/205632", "correlationVector":"mx9W8Pba2CM2TB+oOLXeTd.1","action":"SyncServerConnectionManagerRequest", "result":"SYNC_SERVER_OK", "context":{"environment":"Prod_eastus2_prod-s01-050-nam-eastus2", "migrationStage":"NotStarted", "server":"akswtt10800000f"}}
{"logTime": "1210/205632", "correlationVector":"mx9W8Pba2CM2TB+oOLXeTd.2","action":"ProcessGetUpdates", "result":"Done", "context":{"dataType":"Autofill", "deleted":"0", "process_failed_to_decrypt":"0", "process_pending_decryption":"0", "process_success":"25", "total":"25"}}
{"logTime": "1210/205632", "correlationVector":"mx9W8Pba2CM2TB+oOLXeTd.3","action":"ProcessGetUpdates", "result":"Done", "context":{"dataType":"Sessions", "deleted":"214", "process_failed_to_decrypt":"0", "process_pending_decryption":"0", "process_success":"214", "total":"214"}}
{"logTime": "1210/205632", "correlationVector":"mx9W8Pba2CM2TB+oOLXeTd.4","action":"ProcessGetUpdates", "result":"Done", "context":{"dataType":"Saved Tab Group", "deleted":"3", "process_failed_to_decrypt":"0", "process_pending_decryption":"0", "process_success":"3", "total":"3"}}
{"logTime": "1210/205632", "correlationVector":"mx9W8Pba2CM2TB+oOLXeTd.5","action":"ProcessGetUpdates", "result":"Done", "context":{"dataType":"Edge Hub App Usage", "deleted":"0", "process_failed_to_decrypt":"0", "process_pending_decryption":"0", "process_success":"8", "total":"8"}}
{"logTime": "1210/205632", "correlationVector":"mx9W8Pba2CM2TB+oOLXeTd.6","action":"GetUpdates Response", "result":"Success", "context":Received 250 update(s). cV=mx9W8Pba2CM2TB+oOLXeTd.0;server=akswtt10800000f;cloudType=Consumer;environment=Prod_eastus2_prod-s01-050-nam-eastus2;migrationStage=NotStarted Some updates remain.}
{"logTime": "1210/205632", "correlationVector":"M9Ty3AU5aN1FLukP/hJ3/Y","action":"Initial GetUpdates", "result":"", "context":Reason: NEWLY_SUPPORTED_DATATYPE. cV=M9Ty3AU5aN1FLukP/hJ3/Y}
{"logTime": "1210/205633", "correlationVector":"M9Ty3AU5aN1FLukP/hJ3/Y.1","action":"SyncServerConnectionManagerRequest", "result":"SYNC_SERVER_OK", "context":{"environment":"Prod_eastus2_prod-s01-050-nam-eastus2", "migrationStage":"NotStarted", "server":"akswtt10800000e"}}
{"logTime": "1210/205633", "correlationVector":"M9Ty3AU5aN1FLukP/hJ3/Y.2","action":"ProcessGetUpdates", "result":"Done", "context":{"dataType":"Autofill Profiles", "deleted":"0", "process_failed_to_decrypt":"0", "process_pending_decryption":"0", "process_success":"1", "total":"1"}}
{"logTime": "1210/205633", "correlationVector":"M9Ty3AU5aN1FLukP/hJ3/Y.3","action":"ProcessGetUpdates", "result":"Done", "context":{"dataType":"Autofill", "deleted":"0", "process_failed_to_decrypt":"0", "process_pending_decryption":"0", "process_success":"44", "total":"44"}}
{"logTime": "1210/205633", "correlationVector":"M9Ty3AU5aN1FLukP/hJ3/Y.4","action":"ProcessGetUpdates", "result":"Done", "context":{"dataType":"Sessions", "deleted":"195", "process_failed_to_decrypt":"0", "process_pending_decryption":"0", "process_success":"195", "total":"195"}}
{"logTime": "1210/205633", "correlationVector":"M9Ty3AU5aN1FLukP/hJ3/Y.5","action":"ProcessGetUpdates", "result":"Done", "context":{"dataType":"Edge Hub App Usage", "deleted":"0", "process_failed_to_decrypt":"0", "process_pending_decryption":"0", "process_success":"10", "total":"10"}}
{"logTime": "1210/205633", "correlationVector":"M9Ty3AU5aN1FLukP/hJ3/Y.6","action":"GetUpdates Response", "result":"Success", "context":Received 250 update(s). cV=M9Ty3AU5aN1FLukP/hJ3/Y.0;server=akswtt10800000e;cloudType=Consumer;environment=Prod_eastus2_prod-s01-050-nam-eastus2;migrationStage=NotStarted Some updates remain.}
{"logTime": "1210/205633", "correlationVector":"Y3PSBs+aknC/J77qUqoqLr","action":"Initial GetUpdates", "result":"", "context":Reason: NEWLY_SUPPORTED_DATATYPE. cV=Y3PSBs+aknC/J77qUqoqLr}
{"logTime": "1210/205633", "correlationVector":"Y3PSBs+aknC/J77qUqoqLr.1","action":"SyncServerConnectionManagerRequest", "result":"SYNC_SERVER_OK", "context":{"environment":"Prod_eastus2_prod-s01-050-nam-eastus2", "migrationStage":"NotStarted", "server":"akswtt108000011"}}
{"logTime": "1210/205633", "correlationVector":"Y3PSBs+aknC/J77qUqoqLr.2","action":"ProcessGetUpdates", "result":"Done", "context":{"dataType":"Autofill", "deleted":"0", "process_failed_to_decrypt":"0", "process_pending_decryption":"0", "process_success":"35", "total":"35"}}
{"logTime": "1210/205633", "correlationVector":"Y3PSBs+aknC/J77qUqoqLr.3","action":"ProcessGetUpdates", "result":"Done", "context":{"dataType":"Sessions", "deleted":"211", "process_failed_to_decrypt":"0", "process_pending_decryption":"0", "process_success":"211", "total":"211"}}
{"logTime": "1210/205633", "correlationVector":"Y3PSBs+aknC/J77qUqoqLr.4","action":"ProcessGetUpdates", "result":"Done", "context":{"dataType":"Edge Hub App Usage", "deleted":"0", "process_failed_to_decrypt":"0", "process_pending_decryption":"0", "process_success":"4", "total":"4"}}
{"logTime": "1210/205633", "correlationVector":"Y3PSBs+aknC/J77qUqoqLr.5","action":"GetUpdates Response", "result":"Success", "context":Received 250 update(s). cV=Y3PSBs+aknC/J77qUqoqLr.0;server=akswtt108000011;cloudType=Consumer;environment=Prod_eastus2_prod-s01-050-nam-eastus2;migrationStage=NotStarted Some updates remain.}
{"logTime": "1210/205633", "correlationVector":"6R5WTuETBmwmEjWaa7Ihxx","action":"Initial GetUpdates", "result":"", "context":Reason: NEWLY_SUPPORTED_DATATYPE. cV=6R5WTuETBmwmEjWaa7Ihxx}
{"logTime": "1210/205634", "correlationVector":"6R5WTuETBmwmEjWaa7Ihxx.1","action":"SyncServerConnectionManagerRequest", "result":"SYNC_SERVER_OK", "context":{"environment":"Prod_eastus2_prod-s01-050-nam-eastus2", "migrationStage":"NotStarted", "server":"akswtt108000005"}}
{"logTime": "1210/205634", "correlationVector":"6R5WTuETBmwmEjWaa7Ihxx.2","action":"ProcessGetUpdates", "result":"Done", "context":{"dataType":"Autofill Profiles", "deleted":"16", "process_failed_to_decrypt":"0", "process_pending_decryption":"0", "process_success":"16", "total":"16"}}
{"logTime": "1210/205634", "correlationVector":"6R5WTuETBmwmEjWaa7Ihxx.3","action":"ProcessGetUpdates", "result":"Done", "context":{"dataType":"Autofill", "deleted":"0", "process_failed_to_decrypt":"0", "process_pending_decryption":"0", "process_success":"20", "total":"20"}}
{"logTime": "1210/205634", "correlationVector":"6R5WTuETBmwmEjWaa7Ihxx.4","action":"ProcessGetUpdates", "result":"Done", "context":{"dataType":"Sessions", "deleted":"192", "process_failed_to_decrypt":"0", "process_pending_decryption":"0", "process_success":"192", "total":"192"}}
{"logTime": "1210/205634", "correlationVector":"6R5WTuETBmwmEjWaa7Ihxx.5","action":"ProcessGetUpdates", "result":"Done", "context":{"dataType":"Edge Hub App Usage", "deleted":"0", "process_failed_to_decrypt":"0", "process_pending_decryption":"0", "process_success":"22", "total":"22"}}
{"logTime": "1210/205634", "correlationVector":"6R5WTuETBmwmEjWaa7Ihxx.6","action":"GetUpdates Response", "result":"Success", "context":Received 250 update(s). cV=6R5WTuETBmwmEjWaa7Ihxx.0;server=akswtt108000005;cloudType=Consumer;environment=Prod_eastus2_prod-s01-050-nam-eastus2;migrationStage=NotStarted Some updates remain.}
{"logTime": "1210/205634", "correlationVector":"scr57r88Nk8ssc8/XsdhrR","action":"Initial GetUpdates", "result":"", "context":Reason: NEWLY_SUPPORTED_DATATYPE. cV=scr57r88Nk8ssc8/XsdhrR}
{"logTime": "1210/205634", "correlationVector":"scr57r88Nk8ssc8/XsdhrR.1","action":"SyncServerConnectionManagerRequest", "result":"SYNC_SERVER_OK", "context":{"environment":"Prod_eastus2_prod-s01-050-nam-eastus2", "migrationStage":"NotStarted", "server":"akswtt10800000x"}}
{"logTime": "1210/205634", "correlationVector":"scr57r88Nk8ssc8/XsdhrR.2","action":"ProcessGetUpdates", "result":"Done", "context":{"dataType":"Autofill", "deleted":"0", "process_failed_to_decrypt":"0", "process_pending_decryption":"0", "process_success":"83", "total":"83"}}
{"logTime": "1210/205634", "correlationVector":"scr57r88Nk8ssc8/XsdhrR.3","action":"ProcessGetUpdates", "result":"Done", "context":{"dataType":"Sessions", "deleted":"158", "process_failed_to_decrypt":"0", "process_pending_decryption":"0", "process_success":"158", "total":"158"}}
{"logTime": "1210/205634", "correlationVector":"scr57r88Nk8ssc8/XsdhrR.4","action":"ProcessGetUpdates", "result":"Done", "context":{"dataType":"Edge Hub App Usage", "deleted":"0", "process_failed_to_decrypt":"0", "process_pending_decryption":"0", "process_success":"9", "total":"9"}}
{"logTime": "1210/205634", "correlationVector":"scr57r88Nk8ssc8/XsdhrR.5","action":"GetUpdates Response", "result":"Success", "context":Received 250 update(s). cV=scr57r88Nk8ssc8/XsdhrR.0;server=akswtt10800000x;cloudType=Consumer;environment=Prod_eastus2_prod-s01-050-nam-eastus2;migrationStage=NotStarted Some updates remain.}
{"logTime": "1210/205634", "correlationVector":"CSiDiCEpRfeEnYZb1Yc0H7","action":"Initial GetUpdates", "result":"", "context":Reason: NEWLY_SUPPORTED_DATATYPE. cV=CSiDiCEpRfeEnYZb1Yc0H7}
{"logTime": "1210/205635", "correlationVector":"CSiDiCEpRfeEnYZb1Yc0H7.1","action":"SyncServerConnectionManagerRequest", "result":"SYNC_SERVER_OK", "context":{"environment":"Prod_eastus2_prod-s01-050-nam-eastus2", "migrationStage":"NotStarted", "server":"akswtt10800000f"}}
{"logTime": "1210/205635", "correlationVector":"CSiDiCEpRfeEnYZb1Yc0H7.2","action":"ProcessGetUpdates", "result":"Done", "context":{"dataType":"Autofill", "deleted":"0", "process_failed_to_decrypt":"0", "process_pending_decryption":"0", "process_success":"30", "total":"30"}}
{"logTime": "1210/205635", "correlationVector":"CSiDiCEpRfeEnYZb1Yc0H7.3","action":"ProcessGetUpdates", "result":"Done", "context":{"dataType":"Sessions", "deleted":"206", "process_failed_to_decrypt":"0", "process_pending_decryption":"0", "process_success":"206", "total":"206"}}
{"logTime": "1210/205635", "correlationVector":"CSiDiCEpRfeEnYZb1Yc0H7.4","action":"ProcessGetUpdates", "result":"Done", "context":{"dataType":"Edge Hub App Usage", "deleted":"0", "process_failed_to_decrypt":"0", "process_pending_decryption":"0", "process_success":"14", "total":"14"}}
{"logTime": "1210/205635", "correlationVector":"CSiDiCEpRfeEnYZb1Yc0H7.5","action":"GetUpdates Response", "result":"Success", "context":Received 250 update(s). cV=CSiDiCEpRfeEnYZb1Yc0H7.0;server=akswtt10800000f;cloudType=Consumer;environment=Prod_eastus2_prod-s01-050-nam-eastus2;migrationStage=NotStarted Some updates remain.}
{"logTime": "1210/205635", "correlationVector":"ao8fsykKENaL8C7tQu+pka","action":"Initial GetUpdates", "result":"", "context":Reason: NEWLY_SUPPORTED_DATATYPE. cV=ao8fsykKENaL8C7tQu+pka}
{"logTime": "1210/205635", "correlationVector":"ao8fsykKENaL8C7tQu+pka.1","action":"SyncServerConnectionManagerRequest", "result":"SYNC_SERVER_OK", "context":{"environment":"Prod_eastus2_prod-s01-050-nam-eastus2", "migrationStage":"NotStarted", "server":"akswtt10800001i"}}
{"logTime": "1210/205635", "correlationVector":"ao8fsykKENaL8C7tQu+pka.2","action":"ProcessGetUpdates", "result":"Done", "context":{"dataType":"Autofill Profiles", "deleted":"0", "process_failed_to_decrypt":"0", "process_pending_decryption":"0", "process_success":"5", "total":"5"}}
{"logTime": "1210/205635", "correlationVector":"ao8fsykKENaL8C7tQu+pka.3","action":"ProcessGetUpdates", "result":"Done", "context":{"dataType":"Autofill", "deleted":"0", "process_failed_to_decrypt":"0", "process_pending_decryption":"0", "process_success":"23", "total":"23"}}
{"logTime": "1210/205635", "correlationVector":"ao8fsykKENaL8C7tQu+pka.4","action":"ProcessGetUpdates", "result":"Done", "context":{"dataType":"Extensions", "deleted":"0", "process_failed_to_decrypt":"0", "process_pending_decryption":"0", "process_success":"1", "total":"1"}}
{"logTime": "1210/205635", "correlationVector":"ao8fsykKENaL8C7tQu+pka.5","action":"ProcessGetUpdates", "result":"Done", "context":{"dataType":"Sessions", "deleted":"206", "process_failed_to_decrypt":"0", "process_pending_decryption":"0", "process_success":"206", "total":"206"}}
{"logTime": "1210/205635", "correlationVector":"ao8fsykKENaL8C7tQu+pka.6","action":"ProcessGetUpdates", "result":"Done", "context":{"dataType":"Edge Hub App Usage", "deleted":"0", "process_failed_to_decrypt":"0", "process_pending_decryption":"0", "process_success":"15", "total":"15"}}
{"logTime": "1210/205635", "correlationVector":"ao8fsykKENaL8C7tQu+pka.7","action":"GetUpdates Response", "result":"Success", "context":Received 250 update(s). cV=ao8fsykKENaL8C7tQu+pka.0;server=akswtt10800001i;cloudType=Consumer;environment=Prod_eastus2_prod-s01-050-nam-eastus2;migrationStage=NotStarted Some updates remain.}
{"logTime": "1210/205635", "correlationVector":"diHpeFCZXuto7oyKiiYLHR","action":"Initial GetUpdates", "result":"", "context":Reason: NEWLY_SUPPORTED_DATATYPE. cV=diHpeFCZXuto7oyKiiYLHR}
{"logTime": "1210/205635", "correlationVector":"diHpeFCZXuto7oyKiiYLHR.1","action":"SyncServerConnectionManagerRequest", "result":"SYNC_SERVER_OK", "context":{"environment":"Prod_eastus2_prod-s01-050-nam-eastus2", "migrationStage":"NotStarted", "server":"akswtt10800000x"}}
{"logTime": "1210/205635", "correlationVector":"diHpeFCZXuto7oyKiiYLHR.2","action":"ProcessGetUpdates", "result":"Done", "context":{"dataType":"Autofill", "deleted":"0", "process_failed_to_decrypt":"0", "process_pending_decryption":"0", "process_success":"21", "total":"21"}}
{"logTime": "1210/205635", "correlationVector":"diHpeFCZXuto7oyKiiYLHR.3","action":"ProcessGetUpdates", "result":"Done", "context":{"dataType":"Sessions", "deleted":"210", "process_failed_to_decrypt":"0", "process_pending_decryption":"0", "process_success":"210", "total":"210"}}
{"logTime": "1210/205635", "correlationVector":"diHpeFCZXuto7oyKiiYLHR.4","action":"ProcessGetUpdates", "result":"Done", "context":{"dataType":"History Delete Directives", "deleted":"0", "process_failed_to_decrypt":"0", "process_pending_decryption":"0", "process_success":"1", "total":"1"}}
{"logTime": "1210/205635", "correlationVector":"diHpeFCZXuto7oyKiiYLHR.5","action":"ProcessGetUpdates", "result":"Done", "context":{"dataType":"Edge Hub App Usage", "deleted":"0", "process_failed_to_decrypt":"0", "process_pending_decryption":"0", "process_success":"18", "total":"18"}}
{"logTime": "1210/205635", "correlationVector":"diHpeFCZXuto7oyKiiYLHR.6","action":"GetUpdates Response", "result":"Success", "context":Received 250 update(s). cV=diHpeFCZXuto7oyKiiYLHR.0;server=akswtt10800000x;cloudType=Consumer;environment=Prod_eastus2_prod-s01-050-nam-eastus2;migrationStage=NotStarted Some updates remain.}
{"logTime": "1210/205635", "correlationVector":"6VatxgTo6rULjR/pNDujZ8","action":"Initial GetUpdates", "result":"", "context":Reason: NEWLY_SUPPORTED_DATATYPE. cV=6VatxgTo6rULjR/pNDujZ8}
{"logTime": "1210/205636", "correlationVector":"6VatxgTo6rULjR/pNDujZ8.1","action":"SyncServerConnectionManagerRequest", "result":"SYNC_SERVER_OK", "context":{"environment":"Prod_eastus2_prod-s01-050-nam-eastus2", "migrationStage":"NotStarted", "server":"akswtt10800000o"}}
{"logTime": "1210/205636", "correlationVector":"6VatxgTo6rULjR/pNDujZ8.2","action":"ProcessGetUpdates", "result":"Done", "context":{"dataType":"Autofill Profiles", "deleted":"0", "process_failed_to_decrypt":"0", "process_pending_decryption":"0", "process_success":"2", "total":"2"}}
{"logTime": "1210/205636", "correlationVector":"6VatxgTo6rULjR/pNDujZ8.3","action":"ProcessGetUpdates", "result":"Done", "context":{"dataType":"Autofill", "deleted":"0", "process_failed_to_decrypt":"0", "process_pending_decryption":"0", "process_success":"14", "total":"14"}}
{"logTime": "1210/205636", "correlationVector":"6VatxgTo6rULjR/pNDujZ8.4","action":"ProcessGetUpdates", "result":"Done", "context":{"dataType":"Extensions", "deleted":"0", "process_failed_to_decrypt":"0", "process_pending_decryption":"0", "process_success":"2", "total":"2"}}
{"logTime": "1210/205636", "correlationVector":"6VatxgTo6rULjR/pNDujZ8.5","action":"ProcessGetUpdates", "result":"Done", "context":{"dataType":"Sessions", "deleted":"212", "process_failed_to_decrypt":"0", "process_pending_decryption":"0", "process_success":"218", "total":"218"}}
{"logTime": "1210/205636", "correlationVector":"6VatxgTo6rULjR/pNDujZ8.6","action":"ProcessGetUpdates", "result":"Done", "context":{"dataType":"Edge Hub App Usage", "deleted":"0", "process_failed_to_decrypt":"0", "process_pending_decryption":"0", "process_success":"14", "total":"14"}}
{"logTime": "1210/205636", "correlationVector":"6VatxgTo6rULjR/pNDujZ8.7","action":"GetUpdates Response", "result":"Success", "context":Received 250 update(s). cV=6VatxgTo6rULjR/pNDujZ8.0;server=akswtt10800000o;cloudType=Consumer;environment=Prod_eastus2_prod-s01-050-nam-eastus2;migrationStage=NotStarted Some updates remain.}
{"logTime": "1210/205636", "correlationVector":"km0kpn6gVsd1WeCvXj7+pI","action":"Initial GetUpdates", "result":"", "context":Reason: NEWLY_SUPPORTED_DATATYPE. cV=km0kpn6gVsd1WeCvXj7+pI}
{"logTime": "1210/205636", "correlationVector":"km0kpn6gVsd1WeCvXj7+pI.1","action":"SyncServerConnectionManagerRequest", "result":"SYNC_SERVER_OK", "context":{"environment":"Prod_eastus2_prod-s01-050-nam-eastus2", "migrationStage":"NotStarted", "server":"akswtt10800000i"}}
{"logTime": "1210/205636", "correlationVector":"km0kpn6gVsd1WeCvXj7+pI.2","action":"ProcessGetUpdates", "result":"Done", "context":{"dataType":"Autofill Profiles", "deleted":"0", "process_failed_to_decrypt":"0", "process_pending_decryption":"0", "process_success":"1", "total":"1"}}
{"logTime": "1210/205636", "correlationVector":"km0kpn6gVsd1WeCvXj7+pI.3","action":"ProcessGetUpdates", "result":"Done", "context":{"dataType":"Autofill", "deleted":"0", "process_failed_to_decrypt":"0", "process_pending_decryption":"0", "process_success":"11", "total":"11"}}
{"logTime": "1210/205636", "correlationVector":"km0kpn6gVsd1WeCvXj7+pI.4","action":"ProcessGetUpdates", "result":"Done", "context":{"dataType":"Sessions", "deleted":"182", "process_failed_to_decrypt":"0", "process_pending_decryption":"0", "process_success":"221", "total":"221"}}
{"logTime": "1210/205636", "correlationVector":"km0kpn6gVsd1WeCvXj7+pI.5","action":"ProcessGetUpdates", "result":"Done", "context":{"dataType":"History Delete Directives", "deleted":"0", "process_failed_to_decrypt":"0", "process_pending_decryption":"0", "process_success":"1", "total":"1"}}
{"logTime": "1210/205636", "correlationVector":"km0kpn6gVsd1WeCvXj7+pI.6","action":"ProcessGetUpdates", "result":"Done", "context":{"dataType":"Edge Hub App Usage", "deleted":"5", "process_failed_to_decrypt":"0", "process_pending_decryption":"0", "process_success":"16", "total":"16"}}
{"logTime": "1210/205636", "correlationVector":"km0kpn6gVsd1WeCvXj7+pI.7","action":"GetUpdates Response", "result":"Success", "context":Received 250 update(s). cV=km0kpn6gVsd1WeCvXj7+pI.0;server=akswtt10800000i;cloudType=Consumer;environment=Prod_eastus2_prod-s01-050-nam-eastus2;migrationStage=NotStarted Some updates remain.}
{"logTime": "1210/205636", "correlationVector":"528vpqvQDOl1XsobAAe5Na","action":"Initial GetUpdates", "result":"", "context":Reason: NEWLY_SUPPORTED_DATATYPE. cV=528vpqvQDOl1XsobAAe5Na}
{"logTime": "1210/205637", "correlationVector":"528vpqvQDOl1XsobAAe5Na.1","action":"SyncServerConnectionManagerRequest", "result":"SYNC_SERVER_OK", "context":{"environment":"Prod_eastus2_prod-s01-050-nam-eastus2", "migrationStage":"NotStarted", "server":"akswtt108000007"}}
{"logTime": "1210/205637", "correlationVector":"528vpqvQDOl1XsobAAe5Na.2","action":"ProcessGetUpdates", "result":"Done", "context":{"dataType":"Autofill Profiles", "deleted":"0", "process_failed_to_decrypt":"0", "process_pending_decryption":"0", "process_success":"1", "total":"1"}}
{"logTime": "1210/205637", "correlationVector":"528vpqvQDOl1XsobAAe5Na.3","action":"ProcessGetUpdates", "result":"Done", "context":{"dataType":"Autofill", "deleted":"0", "process_failed_to_decrypt":"0", "process_pending_decryption":"0", "process_success":"9", "total":"9"}}
{"logTime": "1210/205637", "correlationVector":"528vpqvQDOl1XsobAAe5Na.4","action":"ProcessGetUpdates", "result":"Done", "context":{"dataType":"Sessions", "deleted":"203", "process_failed_to_decrypt":"0", "process_pending_decryption":"0", "process_success":"226", "total":"226"}}
{"logTime": "1210/205637", "correlationVector":"528vpqvQDOl1XsobAAe5Na.5","action":"ProcessGetUpdates", "result":"Done", "context":{"dataType":"History Delete Directives", "deleted":"0", "process_failed_to_decrypt":"0", "process_pending_decryption":"0", "process_success":"1", "total":"1"}}
{"logTime": "1210/205637", "correlationVector":"528vpqvQDOl1XsobAAe5Na.6","action":"ProcessGetUpdates", "result":"Done", "context":{"dataType":"Edge Hub App Usage", "deleted":"7", "process_failed_to_decrypt":"0", "process_pending_decryption":"0", "process_success":"13", "total":"13"}}
{"logTime": "1210/205637", "correlationVector":"528vpqvQDOl1XsobAAe5Na.7","action":"GetUpdates Response", "result":"Success", "context":Received 250 update(s). cV=528vpqvQDOl1XsobAAe5Na.0;server=akswtt108000007;cloudType=Consumer;environment=Prod_eastus2_prod-s01-050-nam-eastus2;migrationStage=NotStarted Some updates remain.}
{"logTime": "1210/205637", "correlationVector":"X8jSvfbrui6KmXO6JuHE0E","action":"Initial GetUpdates", "result":"", "context":Reason: NEWLY_SUPPORTED_DATATYPE. cV=X8jSvfbrui6KmXO6JuHE0E}
{"logTime": "1210/205637", "correlationVector":"X8jSvfbrui6KmXO6JuHE0E.1","action":"SyncServerConnectionManagerRequest", "result":"SYNC_SERVER_OK", "context":{"environment":"Prod_eastus2_prod-s01-050-nam-eastus2", "migrationStage":"NotStarted", "server":"akswtt10800001d"}}
{"logTime": "1210/205637", "correlationVector":"X8jSvfbrui6KmXO6JuHE0E.2","action":"ProcessGetUpdates", "result":"Done", "context":{"dataType":"Autofill", "deleted":"0", "process_failed_to_decrypt":"0", "process_pending_decryption":"0", "process_success":"1", "total":"1"}}
{"logTime": "1210/205637", "correlationVector":"X8jSvfbrui6KmXO6JuHE0E.3","action":"ProcessGetUpdates", "result":"Done", "context":{"dataType":"Sessions", "deleted":"45", "process_failed_to_decrypt":"0", "process_pending_decryption":"0", "process_success":"113", "total":"113"}}
{"logTime": "1210/205637", "correlationVector":"X8jSvfbrui6KmXO6JuHE0E.4","action":"ProcessGetUpdates", "result":"Done", "context":{"dataType":"Edge Hub App Usage", "deleted":"7", "process_failed_to_decrypt":"0", "process_pending_decryption":"0", "process_success":"14", "total":"14"}}
{"logTime": "1210/205637", "correlationVector":"X8jSvfbrui6KmXO6JuHE0E.5","action":"GetUpdates Response", "result":"Success", "context":Received 128 update(s). cV=X8jSvfbrui6KmXO6JuHE0E.0;server=akswtt10800001d;cloudType=Consumer;environment=Prod_eastus2_prod-s01-050-nam-eastus2;migrationStage=NotStarted}
{"logTime": "1210/205637", "correlationVector":"kzOaNYHYR+p5Q1PH2ab6JJ","action":"Initial GetUpdates", "result":"", "context":Reason: NEWLY_SUPPORTED_DATATYPE. cV=kzOaNYHYR+p5Q1PH2ab6JJ}
{"logTime": "1210/205637", "correlationVector":"kzOaNYHYR+p5Q1PH2ab6JJ.1","action":"SyncServerConnectionManagerRequest", "result":"SYNC_SERVER_OK", "context":{"environment":"Prod_eastus2_prod-s01-050-nam-eastus2", "migrationStage":"NotStarted", "server":"akswtt108000001"}}
{"logTime": "1210/205637", "correlationVector":"kzOaNYHYR+p5Q1PH2ab6JJ.2","action":"ProcessGetUpdates", "result":"Done", "context":{"dataType":"History", "deleted":"0", "process_failed_to_decrypt":"0", "process_pending_decryption":"0", "process_success":"250", "total":"250"}}
{"logTime": "1210/205637", "correlationVector":"kzOaNYHYR+p5Q1PH2ab6JJ.3","action":"GetUpdates Response", "result":"Success", "context":Received 250 update(s). cV=kzOaNYHYR+p5Q1PH2ab6JJ.0;server=akswtt108000001;cloudType=Consumer;environment=Prod_eastus2_prod-s01-050-nam-eastus2;migrationStage=NotStarted Some updates remain.}
{"logTime": "1210/205637", "correlationVector":"d8TpF5E/sOdKoDxzZQpa86","action":"Initial GetUpdates", "result":"", "context":Reason: NEWLY_SUPPORTED_DATATYPE. cV=d8TpF5E/sOdKoDxzZQpa86}
{"logTime": "1210/205638", "correlationVector":"d8TpF5E/sOdKoDxzZQpa86.1","action":"SyncServerConnectionManagerRequest", "result":"SYNC_SERVER_OK", "context":{"environment":"Prod_eastus2_prod-s01-050-nam-eastus2", "migrationStage":"NotStarted", "server":"akswtt10800000o"}}
{"logTime": "1210/205638", "correlationVector":"d8TpF5E/sOdKoDxzZQpa86.2","action":"ProcessGetUpdates", "result":"Done", "context":{"dataType":"History", "deleted":"0", "process_failed_to_decrypt":"0", "process_pending_decryption":"0", "process_success":"250", "total":"250"}}
{"logTime": "1210/205638", "correlationVector":"d8TpF5E/sOdKoDxzZQpa86.3","action":"GetUpdates Response", "result":"Success", "context":Received 250 update(s). cV=d8TpF5E/sOdKoDxzZQpa86.0;server=akswtt10800000o;cloudType=Consumer;environment=Prod_eastus2_prod-s01-050-nam-eastus2;migrationStage=NotStarted Some updates remain.}
{"logTime": "1210/205638", "correlationVector":"jD8hxmBTnzc5YPJS3jr+gw","action":"Initial GetUpdates", "result":"", "context":Reason: NEWLY_SUPPORTED_DATATYPE. cV=jD8hxmBTnzc5YPJS3jr+gw}
{"logTime": "1210/205638", "correlationVector":"jD8hxmBTnzc5YPJS3jr+gw.1","action":"SyncServerConnectionManagerRequest", "result":"SYNC_SERVER_OK", "context":{"environment":"Prod_eastus2_prod-s01-050-nam-eastus2", "migrationStage":"NotStarted", "server":"akswtt10800000o"}}
{"logTime": "1210/205638", "correlationVector":"jD8hxmBTnzc5YPJS3jr+gw.2","action":"ProcessGetUpdates", "result":"Done", "context":{"dataType":"History", "deleted":"0", "process_failed_to_decrypt":"0", "process_pending_decryption":"0", "process_success":"250", "total":"250"}}
{"logTime": "1210/205638", "correlationVector":"jD8hxmBTnzc5YPJS3jr+gw.3","action":"GetUpdates Response", "result":"Success", "context":Received 250 update(s). cV=jD8hxmBTnzc5YPJS3jr+gw.0;server=akswtt10800000o;cloudType=Consumer;environment=Prod_eastus2_prod-s01-050-nam-eastus2;migrationStage=NotStarted Some updates remain.}
{"logTime": "1210/205638", "correlationVector":"ous9gdt4JwUxdrM0hDXnwW","action":"Initial GetUpdates", "result":"", "context":Reason: NEWLY_SUPPORTED_DATATYPE. cV=ous9gdt4JwUxdrM0hDXnwW}
{"logTime": "1210/205639", "correlationVector":"ous9gdt4JwUxdrM0hDXnwW.1","action":"SyncServerConnectionManagerRequest", "result":"SYNC_SERVER_OK", "context":{"environment":"Prod_eastus2_prod-s01-050-nam-eastus2", "migrationStage":"NotStarted", "server":"akswtt10800000o"}}
{"logTime": "1210/205639", "correlationVector":"ous9gdt4JwUxdrM0hDXnwW.2","action":"ProcessGetUpdates", "result":"Done", "context":{"dataType":"History", "deleted":"0", "process_failed_to_decrypt":"0", "process_pending_decryption":"0", "process_success":"250", "total":"250"}}
{"logTime": "1210/205639", "correlationVector":"ous9gdt4JwUxdrM0hDXnwW.3","action":"GetUpdates Response", "result":"Success", "context":Received 250 update(s). cV=ous9gdt4JwUxdrM0hDXnwW.0;server=akswtt10800000o;cloudType=Consumer;environment=Prod_eastus2_prod-s01-050-nam-eastus2;migrationStage=NotStarted Some updates remain.}
{"logTime": "1210/205639", "correlationVector":"LcyO+BqXajwidZBtoouBdt","action":"Initial GetUpdates", "result":"", "context":Reason: NEWLY_SUPPORTED_DATATYPE. cV=LcyO+BqXajwidZBtoouBdt}
{"logTime": "1210/205639", "correlationVector":"LcyO+BqXajwidZBtoouBdt.1","action":"SyncServerConnectionManagerRequest", "result":"SYNC_SERVER_OK", "context":{"environment":"Prod_eastus2_prod-s01-050-nam-eastus2", "migrationStage":"NotStarted", "server":"akswtt10800000e"}}
{"logTime": "1210/205639", "correlationVector":"LcyO+BqXajwidZBtoouBdt.2","action":"ProcessGetUpdates", "result":"Done", "context":{"dataType":"History", "deleted":"0", "process_failed_to_decrypt":"0", "process_pending_decryption":"0", "process_success":"250", "total":"250"}}
{"logTime": "1210/205639", "correlationVector":"LcyO+BqXajwidZBtoouBdt.3","action":"GetUpdates Response", "result":"Success", "context":Received 250 update(s). cV=LcyO+BqXajwidZBtoouBdt.0;server=akswtt10800000e;cloudType=Consumer;environment=Prod_eastus2_prod-s01-050-nam-eastus2;migrationStage=NotStarted Some updates remain.}
{"logTime": "1210/205639", "correlationVector":"G6dFjoGJi9JRkuFuvfjI3I","action":"Initial GetUpdates", "result":"", "context":Reason: NEWLY_SUPPORTED_DATATYPE. cV=G6dFjoGJi9JRkuFuvfjI3I}
{"logTime": "1210/205640", "correlationVector":"G6dFjoGJi9JRkuFuvfjI3I.1","action":"SyncServerConnectionManagerRequest", "result":"SYNC_SERVER_OK", "context":{"environment":"Prod_eastus2_prod-s01-050-nam-eastus2", "migrationStage":"NotStarted", "server":"akswtt10800001a"}}
{"logTime": "1210/205640", "correlationVector":"G6dFjoGJi9JRkuFuvfjI3I.2","action":"ProcessGetUpdates", "result":"Done", "context":{"dataType":"History", "deleted":"0", "process_failed_to_decrypt":"0", "process_pending_decryption":"0", "process_success":"250", "total":"250"}}
{"logTime": "1210/205640", "correlationVector":"G6dFjoGJi9JRkuFuvfjI3I.3","action":"GetUpdates Response", "result":"Success", "context":Received 250 update(s). cV=G6dFjoGJi9JRkuFuvfjI3I.0;server=akswtt10800001a;cloudType=Consumer;environment=Prod_eastus2_prod-s01-050-nam-eastus2;migrationStage=NotStarted Some updates remain.}
{"logTime": "1210/205640", "correlationVector":"fxInUuHjwLVMHSzWUD9k8F","action":"Initial GetUpdates", "result":"", "context":Reason: NEWLY_SUPPORTED_DATATYPE. cV=fxInUuHjwLVMHSzWUD9k8F}
{"logTime": "1210/205640", "correlationVector":"fxInUuHjwLVMHSzWUD9k8F.1","action":"SyncServerConnectionManagerRequest", "result":"SYNC_SERVER_OK", "context":{"environment":"Prod_eastus2_prod-s01-050-nam-eastus2", "migrationStage":"NotStarted", "server":"akswtt10800001i"}}
{"logTime": "1210/205640", "correlationVector":"fxInUuHjwLVMHSzWUD9k8F.2","action":"ProcessGetUpdates", "result":"Done", "context":{"dataType":"History", "deleted":"0", "process_failed_to_decrypt":"0", "process_pending_decryption":"0", "process_success":"250", "total":"250"}}
{"logTime": "1210/205640", "correlationVector":"fxInUuHjwLVMHSzWUD9k8F.3","action":"GetUpdates Response", "result":"Success", "context":Received 250 update(s). cV=fxInUuHjwLVMHSzWUD9k8F.0;server=akswtt10800001i;cloudType=Consumer;environment=Prod_eastus2_prod-s01-050-nam-eastus2;migrationStage=NotStarted Some updates remain.}
{"logTime": "1210/205640", "correlationVector":"KwW8/TKWYACmZQriNfv6Tj","action":"Initial GetUpdates", "result":"", "context":Reason: NEWLY_SUPPORTED_DATATYPE. cV=KwW8/TKWYACmZQriNfv6Tj}
{"logTime": "1210/205641", "correlationVector":"KwW8/TKWYACmZQriNfv6Tj.1","action":"SyncServerConnectionManagerRequest", "result":"SYNC_SERVER_OK", "context":{"environment":"Prod_eastus2_prod-s01-050-nam-eastus2", "migrationStage":"NotStarted", "server":"akswtt108000010"}}
{"logTime": "1210/205641", "correlationVector":"KwW8/TKWYACmZQriNfv6Tj.2","action":"ProcessGetUpdates", "result":"Done", "context":{"dataType":"History", "deleted":"0", "process_failed_to_decrypt":"0", "process_pending_decryption":"0", "process_success":"250", "total":"250"}}
{"logTime": "1210/205641", "correlationVector":"KwW8/TKWYACmZQriNfv6Tj.3","action":"GetUpdates Response", "result":"Success", "context":Received 250 update(s). cV=KwW8/TKWYACmZQriNfv6Tj.0;server=akswtt108000010;cloudType=Consumer;environment=Prod_eastus2_prod-s01-050-nam-eastus2;migrationStage=NotStarted Some updates remain.}
{"logTime": "1210/205641", "correlationVector":"LDpNHGbjv+jrtL1yVAmtMX","action":"Initial GetUpdates", "result":"", "context":Reason: NEWLY_SUPPORTED_DATATYPE. cV=LDpNHGbjv+jrtL1yVAmtMX}
{"logTime": "1210/205641", "correlationVector":"LDpNHGbjv+jrtL1yVAmtMX.1","action":"SyncServerConnectionManagerRequest", "result":"SYNC_SERVER_OK", "context":{"environment":"Prod_eastus2_prod-s01-050-nam-eastus2", "migrationStage":"NotStarted", "server":"akswtt10800000g"}}
{"logTime": "1210/205641", "correlationVector":"LDpNHGbjv+jrtL1yVAmtMX.2","action":"ProcessGetUpdates", "result":"Done", "context":{"dataType":"History", "deleted":"0", "process_failed_to_decrypt":"0", "process_pending_decryption":"0", "process_success":"250", "total":"250"}}
{"logTime": "1210/205641", "correlationVector":"LDpNHGbjv+jrtL1yVAmtMX.3","action":"GetUpdates Response", "result":"Success", "context":Received 250 update(s). cV=LDpNHGbjv+jrtL1yVAmtMX.0;server=akswtt10800000g;cloudType=Consumer;environment=Prod_eastus2_prod-s01-050-nam-eastus2;migrationStage=NotStarted Some updates remain.}
{"logTime": "1210/205641", "correlationVector":"Q3Itmh/JfwmITNn/zCWkIo","action":"Initial GetUpdates", "result":"", "context":Reason: NEWLY_SUPPORTED_DATATYPE. cV=Q3Itmh/JfwmITNn/zCWkIo}
{"logTime": "1210/205642", "correlationVector":"Q3Itmh/JfwmITNn/zCWkIo.1","action":"SyncServerConnectionManagerRequest", "result":"SYNC_SERVER_OK", "context":{"environment":"Prod_eastus2_prod-s01-050-nam-eastus2", "migrationStage":"NotStarted", "server":"akswtt10800000o"}}
{"logTime": "1210/205642", "correlationVector":"Q3Itmh/JfwmITNn/zCWkIo.2","action":"ProcessGetUpdates", "result":"Done", "context":{"dataType":"History", "deleted":"0", "process_failed_to_decrypt":"0", "process_pending_decryption":"0", "process_success":"250", "total":"250"}}
{"logTime": "1210/205642", "correlationVector":"Q3Itmh/JfwmITNn/zCWkIo.3","action":"GetUpdates Response", "result":"Success", "context":Received 250 update(s). cV=Q3Itmh/JfwmITNn/zCWkIo.0;server=akswtt10800000o;cloudType=Consumer;environment=Prod_eastus2_prod-s01-050-nam-eastus2;migrationStage=NotStarted Some updates remain.}
{"logTime": "1210/205642", "correlationVector":"gELrePUcGlDYif9pHb4yMm","action":"Initial GetUpdates", "result":"", "context":Reason: NEWLY_SUPPORTED_DATATYPE. cV=gELrePUcGlDYif9pHb4yMm}
{"logTime": "1210/205643", "correlationVector":"gELrePUcGlDYif9pHb4yMm.1","action":"SyncServerConnectionManagerRequest", "result":"SYNC_SERVER_OK", "context":{"environment":"Prod_eastus2_prod-s01-050-nam-eastus2", "migrationStage":"NotStarted", "server":"akswtt10800001d"}}
{"logTime": "1210/205643", "correlationVector":"gELrePUcGlDYif9pHb4yMm.2","action":"ProcessGetUpdates", "result":"Done", "context":{"dataType":"History", "deleted":"0", "process_failed_to_decrypt":"0", "process_pending_decryption":"0", "process_success":"250", "total":"250"}}
{"logTime": "1210/205643", "correlationVector":"gELrePUcGlDYif9pHb4yMm.3","action":"GetUpdates Response", "result":"Success", "context":Received 250 update(s). cV=gELrePUcGlDYif9pHb4yMm.0;server=akswtt10800001d;cloudType=Consumer;environment=Prod_eastus2_prod-s01-050-nam-eastus2;migrationStage=NotStarted Some updates remain.}
{"logTime": "1210/205643", "correlationVector":"S5doK0HrxGTZC4SV2HLn7j","action":"Initial GetUpdates", "result":"", "context":Reason: NEWLY_SUPPORTED_DATATYPE. cV=S5doK0HrxGTZC4SV2HLn7j}
{"logTime": "1210/205643", "correlationVector":"S5doK0HrxGTZC4SV2HLn7j.1","action":"SyncServerConnectionManagerRequest", "result":"SYNC_SERVER_OK", "context":{"environment":"Prod_eastus2_prod-s01-050-nam-eastus2", "migrationStage":"NotStarted", "server":"akswtt108000012"}}
{"logTime": "1210/205643", "correlationVector":"S5doK0HrxGTZC4SV2HLn7j.2","action":"ProcessGetUpdates", "result":"Done", "context":{"dataType":"History", "deleted":"0", "process_failed_to_decrypt":"0", "process_pending_decryption":"0", "process_success":"250", "total":"250"}}
{"logTime": "1210/205643", "correlationVector":"S5doK0HrxGTZC4SV2HLn7j.3","action":"GetUpdates Response", "result":"Success", "context":Received 250 update(s). cV=S5doK0HrxGTZC4SV2HLn7j.0;server=akswtt108000012;cloudType=Consumer;environment=Prod_eastus2_prod-s01-050-nam-eastus2;migrationStage=NotStarted Some updates remain.}
{"logTime": "1210/205643", "correlationVector":"tvdt43z43TCyR4n4HLd6Fq","action":"Initial GetUpdates", "result":"", "context":Reason: NEWLY_SUPPORTED_DATATYPE. cV=tvdt43z43TCyR4n4HLd6Fq}
{"logTime": "1210/205644", "correlationVector":"tvdt43z43TCyR4n4HLd6Fq.1","action":"SyncServerConnectionManagerRequest", "result":"SYNC_SERVER_OK", "context":{"environment":"Prod_eastus2_prod-s01-050-nam-eastus2", "migrationStage":"NotStarted", "server":"akswtt10800000z"}}
{"logTime": "1210/205644", "correlationVector":"tvdt43z43TCyR4n4HLd6Fq.2","action":"ProcessGetUpdates", "result":"Done", "context":{"dataType":"History", "deleted":"0", "process_failed_to_decrypt":"0", "process_pending_decryption":"0", "process_success":"250", "total":"250"}}
{"logTime": "1210/205644", "correlationVector":"tvdt43z43TCyR4n4HLd6Fq.3","action":"GetUpdates Response", "result":"Success", "context":Received 250 update(s). cV=tvdt43z43TCyR4n4HLd6Fq.0;server=akswtt10800000z;cloudType=Consumer;environment=Prod_eastus2_prod-s01-050-nam-eastus2;migrationStage=NotStarted Some updates remain.}
{"logTime": "1210/205644", "correlationVector":"raYmfpGcK+C9NEUek+Z45f","action":"Initial GetUpdates", "result":"", "context":Reason: NEWLY_SUPPORTED_DATATYPE. cV=raYmfpGcK+C9NEUek+Z45f}
{"logTime": "1210/205644", "correlationVector":"raYmfpGcK+C9NEUek+Z45f.1","action":"SyncServerConnectionManagerRequest", "result":"SYNC_SERVER_OK", "context":{"environment":"Prod_eastus2_prod-s01-050-nam-eastus2", "migrationStage":"NotStarted", "server":"akswtt10800001d"}}
{"logTime": "1210/205644", "correlationVector":"raYmfpGcK+C9NEUek+Z45f.2","action":"ProcessGetUpdates", "result":"Done", "context":{"dataType":"History", "deleted":"0", "process_failed_to_decrypt":"0", "process_pending_decryption":"0", "process_success":"250", "total":"250"}}
{"logTime": "1210/205644", "correlationVector":"raYmfpGcK+C9NEUek+Z45f.3","action":"GetUpdates Response", "result":"Success", "context":Received 250 update(s). cV=raYmfpGcK+C9NEUek+Z45f.0;server=akswtt10800001d;cloudType=Consumer;environment=Prod_eastus2_prod-s01-050-nam-eastus2;migrationStage=NotStarted Some updates remain.}
{"logTime": "1210/205644", "correlationVector":"rMP0WT2yHp4PSlY6Gn29Vw","action":"Initial GetUpdates", "result":"", "context":Reason: NEWLY_SUPPORTED_DATATYPE. cV=rMP0WT2yHp4PSlY6Gn29Vw}
{"logTime": "1210/205645", "correlationVector":"rMP0WT2yHp4PSlY6Gn29Vw.1","action":"SyncServerConnectionManagerRequest", "result":"SYNC_SERVER_OK", "context":{"environment":"Prod_eastus2_prod-s01-050-nam-eastus2", "migrationStage":"NotStarted", "server":"akswtt10800000d"}}
{"logTime": "1210/205645", "correlationVector":"rMP0WT2yHp4PSlY6Gn29Vw.2","action":"ProcessGetUpdates", "result":"Done", "context":{"dataType":"History", "deleted":"0", "process_failed_to_decrypt":"0", "process_pending_decryption":"0", "process_success":"250", "total":"250"}}
{"logTime": "1210/205645", "correlationVector":"rMP0WT2yHp4PSlY6Gn29Vw.3","action":"GetUpdates Response", "result":"Success", "context":Received 250 update(s). cV=rMP0WT2yHp4PSlY6Gn29Vw.0;server=akswtt10800000d;cloudType=Consumer;environment=Prod_eastus2_prod-s01-050-nam-eastus2;migrationStage=NotStarted Some updates remain.}
{"logTime": "1210/205645", "correlationVector":"C1J1GJ5JNrSNx46X+ncq1g","action":"Initial GetUpdates", "result":"", "context":Reason: NEWLY_SUPPORTED_DATATYPE. cV=C1J1GJ5JNrSNx46X+ncq1g}
{"logTime": "1210/205646", "correlationVector":"C1J1GJ5JNrSNx46X+ncq1g.1","action":"SyncServerConnectionManagerRequest", "result":"SYNC_SERVER_OK", "context":{"environment":"Prod_eastus2_prod-s01-050-nam-eastus2", "migrationStage":"NotStarted", "server":"akswtt10800000q"}}
{"logTime": "1210/205646", "correlationVector":"C1J1GJ5JNrSNx46X+ncq1g.2","action":"ProcessGetUpdates", "result":"Done", "context":{"dataType":"History", "deleted":"0", "process_failed_to_decrypt":"0", "process_pending_decryption":"0", "process_success":"250", "total":"250"}}
{"logTime": "1210/205646", "correlationVector":"C1J1GJ5JNrSNx46X+ncq1g.3","action":"GetUpdates Response", "result":"Success", "context":Received 250 update(s). cV=C1J1GJ5JNrSNx46X+ncq1g.0;server=akswtt10800000q;cloudType=Consumer;environment=Prod_eastus2_prod-s01-050-nam-eastus2;migrationStage=NotStarted Some updates remain.}
{"logTime": "1210/205646", "correlationVector":"knGvib/QrArpOoacIETf7z","action":"Initial GetUpdates", "result":"", "context":Reason: NEWLY_SUPPORTED_DATATYPE. cV=knGvib/QrArpOoacIETf7z}
{"logTime": "1210/205646", "correlationVector":"knGvib/QrArpOoacIETf7z.1","action":"SyncServerConnectionManagerRequest", "result":"SYNC_SERVER_OK", "context":{"environment":"Prod_eastus2_prod-s01-050-nam-eastus2", "migrationStage":"NotStarted", "server":"akswtt108000004"}}
{"logTime": "1210/205646", "correlationVector":"knGvib/QrArpOoacIETf7z.2","action":"ProcessGetUpdates", "result":"Done", "context":{"dataType":"History", "deleted":"0", "process_failed_to_decrypt":"0", "process_pending_decryption":"0", "process_success":"250", "total":"250"}}
{"logTime": "1210/205646", "correlationVector":"knGvib/QrArpOoacIETf7z.3","action":"GetUpdates Response", "result":"Success", "context":Received 250 update(s). cV=knGvib/QrArpOoacIETf7z.0;server=akswtt108000004;cloudType=Consumer;environment=Prod_eastus2_prod-s01-050-nam-eastus2;migrationStage=NotStarted Some updates remain.}
{"logTime": "1210/205646", "correlationVector":"TJ9L0xlt3kq/0MC/tyMz1+","action":"Initial GetUpdates", "result":"", "context":Reason: NEWLY_SUPPORTED_DATATYPE. cV=TJ9L0xlt3kq/0MC/tyMz1+}
{"logTime": "1210/205647", "correlationVector":"TJ9L0xlt3kq/0MC/tyMz1+.1","action":"SyncServerConnectionManagerRequest", "result":"SYNC_SERVER_OK", "context":{"environment":"Prod_eastus2_prod-s01-050-nam-eastus2", "migrationStage":"NotStarted", "server":"akswtt10800000n"}}
{"logTime": "1210/205647", "correlationVector":"TJ9L0xlt3kq/0MC/tyMz1+.2","action":"ProcessGetUpdates", "result":"Done", "context":{"dataType":"History", "deleted":"0", "process_failed_to_decrypt":"0", "process_pending_decryption":"0", "process_success":"250", "total":"250"}}
{"logTime": "1210/205647", "correlationVector":"TJ9L0xlt3kq/0MC/tyMz1+.3","action":"GetUpdates Response", "result":"Success", "context":Received 250 update(s). cV=TJ9L0xlt3kq/0MC/tyMz1+.0;server=akswtt10800000n;cloudType=Consumer;environment=Prod_eastus2_prod-s01-050-nam-eastus2;migrationStage=NotStarted Some updates remain.}
{"logTime": "1210/205647", "correlationVector":"LpD4nMZ4KXUfopgExSeaP/","action":"Initial GetUpdates", "result":"", "context":Reason: NEWLY_SUPPORTED_DATATYPE. cV=LpD4nMZ4KXUfopgExSeaP/}
{"logTime": "1210/205647", "correlationVector":"LpD4nMZ4KXUfopgExSeaP/.1","action":"SyncServerConnectionManagerRequest", "result":"SYNC_SERVER_OK", "context":{"environment":"Prod_eastus2_prod-s01-050-nam-eastus2", "migrationStage":"NotStarted", "server":"akswtt10800000v"}}
{"logTime": "1210/205647", "correlationVector":"LpD4nMZ4KXUfopgExSeaP/.2","action":"ProcessGetUpdates", "result":"Done", "context":{"dataType":"History", "deleted":"0", "process_failed_to_decrypt":"0", "process_pending_decryption":"0", "process_success":"250", "total":"250"}}
{"logTime": "1210/205647", "correlationVector":"LpD4nMZ4KXUfopgExSeaP/.3","action":"GetUpdates Response", "result":"Success", "context":Received 250 update(s). cV=LpD4nMZ4KXUfopgExSeaP/.0;server=akswtt10800000v;cloudType=Consumer;environment=Prod_eastus2_prod-s01-050-nam-eastus2;migrationStage=NotStarted Some updates remain.}
{"logTime": "1210/205647", "correlationVector":"v7m+DTahNWXBpYCv8lDAZy","action":"Initial GetUpdates", "result":"", "context":Reason: NEWLY_SUPPORTED_DATATYPE. cV=v7m+DTahNWXBpYCv8lDAZy}
{"logTime": "1210/205648", "correlationVector":"v7m+DTahNWXBpYCv8lDAZy.1","action":"SyncServerConnectionManagerRequest", "result":"SYNC_SERVER_OK", "context":{"environment":"Prod_eastus2_prod-s01-050-nam-eastus2", "migrationStage":"NotStarted", "server":"akswtt10800000o"}}
{"logTime": "1210/205648", "correlationVector":"v7m+DTahNWXBpYCv8lDAZy.2","action":"ProcessGetUpdates", "result":"Done", "context":{"dataType":"History", "deleted":"0", "process_failed_to_decrypt":"0", "process_pending_decryption":"0", "process_success":"250", "total":"250"}}
{"logTime": "1210/205648", "correlationVector":"v7m+DTahNWXBpYCv8lDAZy.3","action":"GetUpdates Response", "result":"Success", "context":Received 250 update(s). cV=v7m+DTahNWXBpYCv8lDAZy.0;server=akswtt10800000o;cloudType=Consumer;environment=Prod_eastus2_prod-s01-050-nam-eastus2;migrationStage=NotStarted Some updates remain.}
{"logTime": "1210/205648", "correlationVector":"oltplvXITPBye1CnIzUB+R","action":"Initial GetUpdates", "result":"", "context":Reason: NEWLY_SUPPORTED_DATATYPE. cV=oltplvXITPBye1CnIzUB+R}
{"logTime": "1210/205648", "correlationVector":"oltplvXITPBye1CnIzUB+R.1","action":"SyncServerConnectionManagerRequest", "result":"SYNC_SERVER_OK", "context":{"environment":"Prod_eastus2_prod-s01-050-nam-eastus2", "migrationStage":"NotStarted", "server":"akswtt10800001i"}}
{"logTime": "1210/205648", "correlationVector":"oltplvXITPBye1CnIzUB+R.2","action":"ProcessGetUpdates", "result":"Done", "context":{"dataType":"History", "deleted":"0", "process_failed_to_decrypt":"0", "process_pending_decryption":"0", "process_success":"250", "total":"250"}}
{"logTime": "1210/205648", "correlationVector":"oltplvXITPBye1CnIzUB+R.3","action":"GetUpdates Response", "result":"Success", "context":Received 250 update(s). cV=oltplvXITPBye1CnIzUB+R.0;server=akswtt10800001i;cloudType=Consumer;environment=Prod_eastus2_prod-s01-050-nam-eastus2;migrationStage=NotStarted Some updates remain.}
{"logTime": "1210/205648", "correlationVector":"vBg6GIfaSc0FKag7UO1tb3","action":"Initial GetUpdates", "result":"", "context":Reason: NEWLY_SUPPORTED_DATATYPE. cV=vBg6GIfaSc0FKag7UO1tb3}
{"logTime": "1210/205649", "correlationVector":"vBg6GIfaSc0FKag7UO1tb3.1","action":"SyncServerConnectionManagerRequest", "result":"SYNC_SERVER_OK", "context":{"environment":"Prod_eastus2_prod-s01-050-nam-eastus2", "migrationStage":"NotStarted", "server":"akswtt10800000d"}}
{"logTime": "1210/205649", "correlationVector":"vBg6GIfaSc0FKag7UO1tb3.2","action":"ProcessGetUpdates", "result":"Done", "context":{"dataType":"History", "deleted":"0", "process_failed_to_decrypt":"0", "process_pending_decryption":"0", "process_success":"225", "total":"225"}}
{"logTime": "1210/205649", "correlationVector":"vBg6GIfaSc0FKag7UO1tb3.3","action":"GetUpdates Response", "result":"Success", "context":Received 225 update(s). cV=vBg6GIfaSc0FKag7UO1tb3.0;server=akswtt10800000d;cloudType=Consumer;environment=Prod_eastus2_prod-s01-050-nam-eastus2;migrationStage=NotStarted}
{"logTime": "1210/205649", "correlationVector":"8MkBwIIounfqUL3kVIjdJj","action":"Normal GetUpdate request", "result":"", "context":cV=8MkBwIIounfqUL3kVIjdJj
Nudged types: Preferences, Passwords, Sessions, Device Info, User Consents, Edge Hub App Usage
Refresh requested types: Bookmarks, Preferences, Passwords, Autofill Profiles, Autofill, Extensions, Sessions, Extension settings, History Delete Directives, Device Info, User Consents, Send Tab To Self, Web Apps, History, Saved Tab Group, WebAuthn Credentials, Collection, Edge E Drop, Edge Hub App Usage, Edge Wallet, Encryption Keys}
{"logTime": "1210/205649", "correlationVector":"8MkBwIIounfqUL3kVIjdJj.1","action":"SyncServerConnectionManagerRequest", "result":"SYNC_SERVER_OK", "context":{"environment":"Prod_eastus2_prod-s01-050-nam-eastus2", "migrationStage":"NotStarted", "server":"akswtt10800001i"}}
{"logTime": "1210/205649", "correlationVector":"8MkBwIIounfqUL3kVIjdJj.2","action":"GetUpdates Response", "result":"Success", "context":Received 0 update(s). cV=8MkBwIIounfqUL3kVIjdJj.0;server=akswtt10800001i;cloudType=Consumer;environment=Prod_eastus2_prod-s01-050-nam-eastus2;migrationStage=NotStarted}
{"logTime": "1210/205649", "correlationVector":"Qw3nqnjz10f/vqIUlKWxxE","action":"Commit Request", "result":"", "context":Item count: 16
Contributing types: Preferences, Passwords, Sessions, Device Info, User Consents, Edge Hub App Usage}
{"logTime": "1210/205650", "correlationVector":"Qw3nqnjz10f/vqIUlKWxxE.1","action":"SyncServerConnectionManagerRequest", "result":"SYNC_SERVER_OK", "context":{"environment":"Prod_eastus2_prod-s01-050-nam-eastus2", "migrationStage":"NotStarted", "server":"akswtt10800000n"}}
{"logTime": "1210/205650", "correlationVector":"Qw3nqnjz10f/vqIUlKWxxE.2","action":"Commit Response", "result":"Success", "context":Result: Success. cV=Qw3nqnjz10f/vqIUlKWxxE.0;server=akswtt10800000n;cloudType=Consumer;environment=Prod_eastus2_prod-s01-050-nam-eastus2;migrationStage=NotStarted}
{"logTime": "1210/205652", "correlationVector":"IkEAQZUgy261qUJJ0n0iNL","action":"Normal GetUpdate request", "result":"", "context":cV=IkEAQZUgy261qUJJ0n0iNL
Notified types: History}
{"logTime": "1210/205652", "correlationVector":"IkEAQZUgy261qUJJ0n0iNL.1","action":"SyncServerConnectionManagerRequest", "result":"SYNC_SERVER_OK", "context":{"environment":"Prod_eastus2_prod-s01-050-nam-eastus2", "migrationStage":"NotStarted", "server":"akswtt108000012"}}
{"logTime": "1210/205652", "correlationVector":"IkEAQZUgy261qUJJ0n0iNL.2","action":"ProcessGetUpdates", "result":"Done", "context":{"dataType":"Preferences", "deleted":"0", "process_failed_to_decrypt":"0", "process_pending_decryption":"0", "process_success":"1", "total":"1"}}
{"logTime": "1210/205652", "correlationVector":"IkEAQZUgy261qUJJ0n0iNL.3","action":"ProcessGetUpdates", "result":"Done", "context":{"dataType":"Passwords", "deleted":"0", "process_failed_to_decrypt":"0", "process_pending_decryption":"0", "process_success":"9", "total":"9"}}
{"logTime": "1210/205652", "correlationVector":"IkEAQZUgy261qUJJ0n0iNL.4","action":"ProcessGetUpdates", "result":"Done", "context":{"dataType":"Sessions", "deleted":"0", "process_failed_to_decrypt":"0", "process_pending_decryption":"0", "process_success":"3", "total":"3"}}
{"logTime": "1210/205652", "correlationVector":"IkEAQZUgy261qUJJ0n0iNL.5","action":"ProcessGetUpdates", "result":"Done", "context":{"dataType":"Device Info", "deleted":"0", "process_failed_to_decrypt":"0", "process_pending_decryption":"0", "process_success":"1", "total":"1"}}
{"logTime": "1210/205652", "correlationVector":"IkEAQZUgy261qUJJ0n0iNL.6","action":"ProcessGetUpdates", "result":"Done", "context":{"dataType":"History", "deleted":"0", "process_failed_to_decrypt":"0", "process_pending_decryption":"0", "process_success":"2", "total":"2"}}
{"logTime": "1210/205652", "correlationVector":"IkEAQZUgy261qUJJ0n0iNL.7","action":"ProcessGetUpdates", "result":"Done", "context":{"dataType":"Edge Hub App Usage", "deleted":"0", "process_failed_to_decrypt":"0", "process_pending_decryption":"0", "process_success":"1", "total":"1"}}
{"logTime": "1210/205652", "correlationVector":"IkEAQZUgy261qUJJ0n0iNL.8","action":"GetUpdates Response", "result":"Success", "context":Received 17 update(s). cV=IkEAQZUgy261qUJJ0n0iNL.0;server=akswtt108000012;cloudType=Consumer;environment=Prod_eastus2_prod-s01-050-nam-eastus2;migrationStage=NotStarted}
{"logTime": "1210/205652", "correlationVector":"N8dPAs3jPSjDV+05RMsOwY","action":"DoCompareDataConsistency requsted types: ", "result":"Bookmarks, Preferences, Passwords, Extensions, Extension settings, History Delete Directives, Send Tab To Self, Web Apps, History, Saved Tab Group, WebAuthn Credentials, Collection, Edge E Drop, Edge Wallet, Encryption Keys"}
{"logTime": "1210/205652", "correlationVector":"N8dPAs3jPSjDV+05RMsOwY.0","action":"CompareDataConsistency result: ", "result":"Compare result: Encryption Keys is consistent. local entities count is: 1 local entities hash is: oaTrI9zDMdFMOueNvdX9yuqoAJ8="}
{"logTime": "1210/205652", "correlationVector":"N8dPAs3jPSjDV+05RMsOwY.1","action":"CompareDataConsistency result: ", "result":"Compare result: Bookmarks is consistent. local entities count is: 4 local entities hash is: 0ZHBoXh4tkML/oa/s6Vi8yGsNqI="}
{"logTime": "1210/205652", "correlationVector":"N8dPAs3jPSjDV+05RMsOwY.2","action":"CompareDataConsistency result: ", "result":"Compare result: Preferences is consistent. local entities count is: 92 local entities hash is: c6oH5oh6wtIFFZdHW8APHW+7ARw="}
{"logTime": "1210/205652", "correlationVector":"N8dPAs3jPSjDV+05RMsOwY.3","action":"CompareDataConsistency result: ", "result":"Compare result: Extensions is consistent. local entities count is: 3 local entities hash is: 4D9aTER8H7EWLF+j6v2N8LEIhKY="}
{"logTime": "1210/205652", "correlationVector":"N8dPAs3jPSjDV+05RMsOwY.4","action":"CompareDataConsistency result: ", "result":"Compare result: Extension settings is consistent. local entities count is: 0 local entities hash is: "}
{"logTime": "1210/205652", "correlationVector":"N8dPAs3jPSjDV+05RMsOwY.5","action":"CompareDataConsistency result: ", "result":"Compare result: History Delete Directives is inconsistent. server entities count is: 3 server entities hash is: roPMjj3+r4Qf6AOxo0FCLN8+H4o= local entities count is: 0 local entities hash is: "}
{"logTime": "1210/205652", "correlationVector":"N8dPAs3jPSjDV+05RMsOwY.6","action":"CompareDataConsistency result: ", "result":"Server did not send this Send Tab To Self local entities count is: 0 local entities hash is: "}
{"logTime": "1210/205652", "correlationVector":"N8dPAs3jPSjDV+05RMsOwY.7","action":"CompareDataConsistency result: ", "result":"Compare result: Web Apps is consistent. local entities count is: 0 local entities hash is: "}
{"logTime": "1210/205652", "correlationVector":"N8dPAs3jPSjDV+05RMsOwY.8","action":"CompareDataConsistency result: ", "result":"Server did not send this History local entities count is: 0 local entities hash is: "}
{"logTime": "1210/205652", "correlationVector":"N8dPAs3jPSjDV+05RMsOwY.9","action":"CompareDataConsistency result: ", "result":"Compare result: Saved Tab Group is consistent. local entities count is: 0 local entities hash is: "}
{"logTime": "1210/205652", "correlationVector":"N8dPAs3jPSjDV+05RMsOwY.10","action":"CompareDataConsistency result: ", "result":"Server did not send this WebAuthn Credentials local entities count is: 0 local entities hash is: "}
{"logTime": "1210/205652", "correlationVector":"N8dPAs3jPSjDV+05RMsOwY.11","action":"CompareDataConsistency result: ", "result":"Compare result: Collection is consistent. local entities count is: 0 local entities hash is: "}
{"logTime": "1210/205652", "correlationVector":"N8dPAs3jPSjDV+05RMsOwY.12","action":"CompareDataConsistency result: ", "result":"Compare result: Edge E Drop is consistent. local entities count is: 0 local entities hash is: "}
{"logTime": "1210/205652", "correlationVector":"N8dPAs3jPSjDV+05RMsOwY.13","action":"CompareDataConsistency result: ", "result":"Compare result: Edge Wallet is consistent. local entities count is: 0 local entities hash is: "}
{"logTime": "1210/205652", "correlationVector":"N8dPAs3jPSjDV+05RMsOwY.14","action":"CompareDataConsistency result: ", "result":"Compare result: Passwords is consistent. local entities count is: 14 local entities hash is: cy6BIewUhl1aFZoDEcKgCJBaVGQ="}
{"logTime": "1210/205652", "correlationVector":"","action":"DIAGNOSTIC_REQUEST|v1/diagnosticData/Diagnostic.SendCheckResult()|SUCCESS", "result":""}
{"logTime": "1210/205720", "correlationVector":"WLieoaJwD0BtYM5h9EAa9o","action":"Commit Request", "result":"", "context":Item count: 15
Contributing types: Passwords, Sessions, History}
{"logTime": "1210/205721", "correlationVector":"WLieoaJwD0BtYM5h9EAa9o.1","action":"SyncServerConnectionManagerRequest", "result":"SYNC_SERVER_OK", "context":{"environment":"Prod_eastus2_prod-s01-050-nam-eastus2", "migrationStage":"NotStarted", "server":"akswtt10800000q"}}
{"logTime": "1210/205721", "correlationVector":"WLieoaJwD0BtYM5h9EAa9o.2","action":"Commit Response", "result":"Success", "context":Result: Success. cV=WLieoaJwD0BtYM5h9EAa9o.0;server=akswtt10800000q;cloudType=Consumer;environment=Prod_eastus2_prod-s01-050-nam-eastus2;migrationStage=NotStarted}
{"logTime": "1210/205916", "correlationVector":"qEP6RPkfIiIc/xEF4ZOYS8","action":"Commit Request", "result":"", "context":Item count: 4
Contributing types: Sessions, History}
{"logTime": "1210/205917", "correlationVector":"qEP6RPkfIiIc/xEF4ZOYS8.1","action":"SyncServerConnectionManagerRequest", "result":"SYNC_SERVER_OK", "context":{"environment":"Prod_eastus2_prod-s01-050-nam-eastus2", "migrationStage":"NotStarted", "server":"akswtt108000011"}}
{"logTime": "1210/205917", "correlationVector":"qEP6RPkfIiIc/xEF4ZOYS8.2","action":"Commit Response", "result":"Success", "context":Result: Success. cV=qEP6RPkfIiIc/xEF4ZOYS8.0;server=akswtt108000011;cloudType=Consumer;environment=Prod_eastus2_prod-s01-050-nam-eastus2;migrationStage=NotStarted}
